LISTING FOR LOGIC DESCRIPTION FILE: DEC808~1.pld                     Page 1

CUPL: Universal Compiler for Programmable Logic
Version 4.2a Serial# MD-25710022
Copyright (c) 1983, 1991 Logical Devices, Inc.
Created Sat Dec 27 21:06:31 2025

  1:Name            I8080GLUE;
  2:Partno  KF010001;
  3:Date            25/11/02;
  4:Revision        02;
  5:Designer        efialtes_htn;
  6:Company         EFIALTES_HTN Design;
  7:Assembly        System 19-10-i8080A;
  8:Location        U06;
  9:Device          G22V10;
 10:
 11:/* *************************************************************** */
 12:/* System 19-9 TMP90C841A SBC decorder Glue logic                  */
 13:/*                                                                 */
 14:/* *************************************************************** */
 15:/* target device        GAL22V10 any speed rank is OK              */
 16:/* *************************************************************** */
 17:/* Memory Map                                                      */
 18:/*  0x0000-0x3fff       ROM (NIBL and extension)                   */
 19:/*  0x4000-0xadff       RAM                                        */
 20:/*  0xfc00-0xfc3f       Serial Interface                           */
 21:/*  0xfc40-0xfcff       I/O area                                   */
 22:/*  0xfd00-0xfdff       reserved                                   */
 23:/*  0xfe00-0xffff       RAM (ffc0-ffff internal)                   */
 24:/* *************************************************************** */
 25:/** inputs      **/
 26:Pin 1   =       OSC;
 27:Pin 2   =       !NRD;
 28:Pin 3   =       !NWR;
 29:Pin 4   =       A15;
 30:Pin 5   =       A14;
 31:Pin 6  =        A7;
 32:Pin 7   =       A6;
 33:Pin 8   =       A5;
 34:Pin 9   =       A4;
 35:Pin 10  =       A3;
 36:Pin 11  =       A2;
 37:Pin 13  =       SPR;
 38:
 39:/** outputs     **/
 40:Pin 14  =       !SEREN;
 41:Pin 15  =       !ROMEN; 
 42:Pin 16  =       !RAMEN;
 43:Pin 17  =       CLKG; 
 44:Pin 18  =       CLKF;
 45:Pin 19  =       CLKE; 
 46:Pin 20  =       CLKD; 
 47:Pin 21  =       CLKC; 
 48:Pin 22  =       CLKB;
 49:Pin 23  =       CLKA;
 50:
 51:/* logic equations      */
 52:CLKA.d  =       !CLKA & (!CLKB # !CLKC # !CLKD);
 53:CLKB.d  =       (!CLKA &  CLKB & !CLKC) #

LISTING FOR LOGIC DESCRIPTION FILE: DEC808~1.pld                     Page 2

CUPL: Universal Compiler for Programmable Logic
Version 4.2a Serial# MD-25710022
Copyright (c) 1983, 1991 Logical Devices, Inc.
Created Sat Dec 27 21:06:31 2025

 54:                (!CLKA &  CLKB &         !CLKD) #
 55:                ( CLKA & !CLKB);
 56:CLKC.d  =       (!CLKA &          CLKC & !CLKD) #
 57:                (        !CLKB &  CLKC) #
 58:                ( CLKA &  CLKB & !CLKC);
 59:CLKD.d  =       (        !CLKB &          CLKD) #
 60:                (                !CLKC &  CLKD) #
 61:                ( CLKA &  CLKB &  CLKC & !CLKD);
 62:CLKE.d  =       (        !CLKB &                  CLKE) #
 63:                (                !CLKC &          CLKE) #
 64:                (                        !CLKD &  CLKE) #
 65:                (         CLKB &  CLKC &  CLKD & !CLKE);
 66:CLKF.d  =       (        !CLKB &                          CLKF) #
 67:                (                !CLKC &                  CLKF) #
 68:                (                        !CLKD &          CLKF) #
 69:                (                                !CLKE &  CLKF) #
 70:                (         CLKB &  CLKC &  CLKD &  CLKE & !CLKF);
 71:CLKG.d  =       (        !CLKB &                                  CLKG) #
 72:                (                !CLKC &                          CLKG) #
 73:                (                        !CLKD &                  CLKG) #
 74:                (                                !CLKE &          CLKG) #
 75:                (                                        !CLKF &  CLKG) #
 76:                (         CLKB &  CLKC &  CLKD & CLKE  &  CLKF & !CLKG);
 77:
 78:ROMEN   = (NRD & !A15 & !A14);
 79:RAMEN   = (NRD # NWR) & A15;
 80:SEREN   = (!A7 & !A6 & !A5 & !A4 & !A3 & !A2 & !SPR);
 81:
 82:ROMEN.oe = 'b'1;
 83:RAMEN.oe = 'b'1;
 84:SEREN.oe = 'b'1;
 85:CLKA.sp = 'b'0;
 86:CLKA.ar = 'b'0;
 87:CLKB.sp = 'b'0;
 88:CLKB.ar = 'b'0;
 89:CLKC.sp = 'b'0;
 90:CLKC.ar = 'b'0;
 91:CLKD.sp = 'b'0;
 92:CLKD.ar = 'b'0;
 93:CLKE.sp = 'b'0;
 94:CLKE.ar = 'b'0;
 95:CLKF.sp = 'b'0;
 96:CLKF.ar = 'b'0;
 97:CLKG.sp = 'b'0;
 98:CLKG.ar = 'b'0;
 99:
100:



Jedec Fuse Checksum       (d7d5)
Jedec Transmit Checksum   (7d69)
